alter resource group admin_group set memory_limit 35;
create resource group plgroup with (concurrency=0, cpu_rate_limit=10, memory_limit=35, memory_auditor=1);
